---------------------------------------
Begin Slurm Prolog: Aug-19-2026 20:23:33
Job ID:    12033963
User ID:   dtorrance9
Account:   gts-dtorrance9
Job name:  genus21
Partition: cpu-large
QOS:       inferno
---------------------------------------
host=atl1-1-01-005-21-2.pace.gatech.edu stage=betti length_limit=4 start=Wed Aug 19 08:23:36 PM EDT 2026
threads=8 parallelize_by_degree=false
partition=cpu-large mem=184320M workdir=/storage/home/hcoda1/2/dtorrance9/scratch/genus21
1.26.06
Macaulay2, version 1.26.06
Type "help" to see useful commands

i1 : -- Stage 2: minimal Betti numbers of the artinian reduction.
     --
     -- Reads Y0.m2 (written by make-Y0.m2). Controlled by environment variables:
     --   LENGTH_LIMIT           homological degree to stop at (6, 8, 10)
     --   M2_THREADS             cores available; must match --cpus-per-task
     --   PARALLELIZE_BY_DEGREE  "true" enables the memory-hungry parallel strategy
     --
     -- Run at increasing length limits and watch MaxRSS: two data points
     -- extrapolate to the full computation, and each rung gives partial Betti
     -- numbers that are useful in their own right.
     
     load "Y0.m2"

i2 : 
     envValue = (name, default) -> (
         s := getenv name;
         if s === null or s === "" then default else value s)

o2 = envValue

o2 : FunctionClosure

i3 : 
     lengthLimit = envValue("LENGTH_LIMIT", 6)

o3 = 4

i4 : parallelizeByDegree = envValue("PARALLELIZE_BY_DEGREE", false)

o4 = false

i5 : 
     -- Left at its default of 0, TBB uses every core it can see on the machine,
     -- which on a shared node is far more than Slurm granted us.
     numTBBThreads = envValue("M2_THREADS", 1)

o5 = 8

i6 : 
     -- One line on purpose: see the note in make-Y0.m2 about continuation lines
     -- beginning with "<<" when M2 reads from stdin.
     << "-- LengthLimit => " << lengthLimit << ", ParallelizeByDegree => " << parallelizeByDegree << ", numTBBThreads => " << numTBBThreads << endl;
-- LengthLimit => 4, ParallelizeByDegree => false, numTBBThreads => 8

i7 : 
     elapsedTime b = minimalBetti(Y0,
         DegreeLimit => 3,
         LengthLimit => lengthLimit,
         ParallelizeByDegree => parallelizeByDegree)
 -- 1077.86s elapsed

            0   1    2     3     4
o7 = total: 1 171 1920 11305 43776
         0: 1   .    .     .     .
         1: . 171 1920 11305 43776

o7 : BettiTally

i8 : b

            0   1    2     3     4
o8 = total: 1 171 1920 11305 43776
         0: 1   .    .     .     .
         1: . 171 1920 11305 43776

o8 : BettiTally

i9 : 
     -- For comparison, the expected ranks at the crux: with h = {1,19,19,1} and
     -- i = 11, the terms h_j * binomial(19, i-j) are 75582, 1755182, 1755182, 75582.
     
	Command being timed: "stdbuf -oL M2 -q --no-debug -e path = prepend("/storage/home/hcoda1/2/dtorrance9/surfacesInP4/surface in M2/", path)"
	User time (seconds): 1100.32
	System time (seconds): 25.61
	Percent of CPU this job got: 104%
	Elapsed (wall clock) time (h:mm:ss or m:ss): 18:00.77
	Average shared text size (kbytes): 0
	Average unshared data size (kbytes): 0
	Average stack size (kbytes): 0
	Average total size (kbytes): 0
	Maximum resident set size (kbytes): 49661720
	Average resident set size (kbytes): 0
	Major (requiring I/O) page faults: 46
	Minor (reclaiming a frame) page faults: 1787347
	Voluntary context switches: 23299
	Involuntary context switches: 6995
	Swaps: 0
	File system inputs: 416136
	File system outputs: 24
	Socket messages sent: 0
	Socket messages received: 0
	Signals delivered: 0
	Page size (bytes): 4096
	Exit status: 0
end=Wed Aug 19 08:41:38 PM EDT 2026 m2_exit=0
---------------------------------------
Begin Slurm Epilog: Aug-19-2026 20:41:38
Job ID:        12033963
User ID:       dtorrance9
Account:       gts-dtorrance9
Job name:      genus21
Resources:     cpu=8,mem=180G,node=1
Rsrc Used:     cput=02:25:20,vmem=0,walltime=00:18:10,mem=50014676K,energy_used=0
Partition:     cpu-large
QOS:           inferno
Nodes:         atl1-1-01-005-21-2
---------------------------------------
