---------------------------------------
Begin Slurm Prolog: Aug-20-2026 20:03:20
Job ID:    12070308
User ID:   dtorrance9
Account:   gts-dtorrance9
Job name:  genus21
Partition: cpu-large
QOS:       inferno
---------------------------------------
host=atl1-1-02-003-25-1.pace.gatech.edu stage=nonmin length_limit=7 start=Thu Aug 20 08:03:24 PM EDT 2026
threads=12 degree_limit=3 parallelize_by_degree=false
partition=cpu-large mem=378880M workdir=/storage/home/hcoda1/2/dtorrance9/scratch/genus21
1.26.06
Macaulay2, version 1.26.06
Type "help" to see useful commands

i1 : -- Stage 3: nonminimal resolution of the artinian reduction, and extraction of
     -- the Koszul matrix M whose rank gives the middle Betti number.
     --
     -- Why this rather than minimalBetti (see phoenix/README-genus21.md):
     -- minimalBetti computes the same nonminimal resolution and then calls
     -- rawMinimalBetti on it. That minimalization is dense Gaussian elimination,
     -- and it is what exhausted 180 GB after 22.5 hours at LengthLimit => 6.
     -- minimalBetti also quietly asks the resolution for LengthLimit + 1 steps
     -- (OldChainComplexes/betti.m2), so this does strictly less work.
     --
     -- Environment:
     --   LENGTH_LIMIT           homological degree to stop at
     --   DEGREE_LIMIT           strand cutoff; 3 matches Frank's minimalBetti call
     --   M2_THREADS             cores available; must match --cpus-per-task
     --   PARALLELIZE_BY_DEGREE  "true" for the memory-hungry parallel strategy
     
     load "Y0.m2"

i2 : 
     envValue = (name, default) -> (
         s := getenv name;
         if s === null or s === "" then default else value s)

o2 = envValue

o2 : FunctionClosure

i3 : 
     lengthLimit = envValue("LENGTH_LIMIT", 6)

o3 = 7

i4 : degreeLimit = envValue("DEGREE_LIMIT", 3)

o4 = 3

i5 : parallelizeByDegree = envValue("PARALLELIZE_BY_DEGREE", false)

o5 = false

i6 : numTBBThreads = envValue("M2_THREADS", 1)

o6 = 12

i7 : 
     << "-- Nonminimal: LengthLimit => " << lengthLimit << ", DegreeLimit => " << degreeLimit << ", ParallelizeByDegree => " << parallelizeByDegree << ", numTBBThreads => " << numTBBThreads << endl;
-- Nonminimal: LengthLimit => 7, DegreeLimit => 3, ParallelizeByDegree => false, numTBBThreads => 12

i8 : 
     elapsedTime fY0 = res(Y0, Strategy => Nonminimal, DegreeLimit => degreeLimit, LengthLimit => lengthLimit, ParallelizeByDegree => parallelizeByDegree);
[2026-08-21T20:03:44.138] error: *** JOB 12070308 ON atl1-1-02-003-25-1 CANCELLED AT 2026-08-21T20:03:44 DUE TO TIME LIMIT ***
---------------------------------------
Begin Slurm Epilog: Aug-21-2026 20:03:46
Job ID:        12070308
User ID:       dtorrance9
Account:       gts-dtorrance9
Job name:      genus21
Resources:     cpu=12,mem=370G,node=1
Rsrc Used:     cput=12-00:05:24,vmem=0,walltime=1-00:00:27,mem=27360724K,energy_used=0
Partition:     cpu-large
QOS:           inferno
Nodes:         atl1-1-02-003-25-1
---------------------------------------
