---------------------------------------
Begin Slurm Prolog: Aug-17-2026 10:51:10
Job ID:    11935660
User ID:   dtorrance9
Account:   gts-dtorrance9
Job name:  spack-m2
Partition: cpu-small
QOS:       inferno
---------------------------------------
host=atl1-1-02-006-16-1.pace.gatech.edu start=Mon Aug 17 10:51:11 AM EDT 2026
1.3.0.dev0 (87d4c1d707f64de00fa704dcb7fd76776991700b)
[ ] 37akqrh libatomic-ops@7.10.0 staging (0s)
[ ] lbexvrv intel-tbb@2023.1.0 staging (0s)
[ ] 7etsibo boost@1.90.0 staging (0s)
[ ] tdqa7fw eigen@5.0.1 staging (0s)
[ ] vujc6ul autoconf-archive@2024.10.16 staging (0s)
[ ] b2c7xmd readline@8.3 staging (0s)
[ ] nvkzapn glpk@5.0 staging (0s)
[e] nqayczo bzip2@1.0.8 /usr (0s)
[ ] oh7agv7 googletest@1.17.0 staging (0s)
[ ] swe65oy gmp@6.3.0 staging (0s)
[ ] xnmltnh berkeley-db@18.1.40 staging (0s)
[ ] 6az4bbh less@692 staging (0s)
[ ] nkwe5y4 cohomcalg@0.32 staging (0s)
[ ] benjgbj jansson@2.14 staging (0s)
[ ] 37akqrh libatomic-ops@7.10.0 autoreconf (0s)
[ ] 37akqrh libatomic-ops@7.10.0 configure (0s)
[ ] vujc6ul autoconf-archive@2024.10.16 autoreconf (0s)
[ ] vujc6ul autoconf-archive@2024.10.16 configure (0s)
[ ] oh7agv7 googletest@1.17.0 cmake (0s)
[ ] benjgbj jansson@2.14 cmake (0s)
[ ] nvkzapn glpk@5.0 autoreconf (0s)
[ ] nvkzapn glpk@5.0 configure (0s)
[ ] tdqa7fw eigen@5.0.1 cmake (0s)
[ ] nkwe5y4 cohomcalg@0.32 edit (0s)
[ ] nkwe5y4 cohomcalg@0.32 build (0s)
[ ] b2c7xmd readline@8.3 autoreconf (0s)
[ ] b2c7xmd readline@8.3 configure (0s)
[ ] lbexvrv intel-tbb@2023.1.0 cmake (0s)
[ ] 6az4bbh less@692 autoreconf (0s)
[ ] 6az4bbh less@692 configure (0s)
[ ] swe65oy gmp@6.3.0 autoreconf (1s)
[ ] xnmltnh berkeley-db@18.1.40 autoreconf (1s)
[ ] xnmltnh berkeley-db@18.1.40 configure (1s)
[ ] oh7agv7 googletest@1.17.0 build (1s)
[ ] vujc6ul autoconf-archive@2024.10.16 build (1s)
[ ] vujc6ul autoconf-archive@2024.10.16 install (1s)
[ ] lbexvrv intel-tbb@2023.1.0 build (2s)
[ ] tdqa7fw eigen@5.0.1 build (2s)
[ ] tdqa7fw eigen@5.0.1 install (2s)
[+] vujc6ul autoconf-archive@2024.10.16 /storage/home/hcoda1/2/dtorrance9/spack/opt/spack/linux-cascadelake/autoconf-archive-2024.10.16-vujc6uleppq5zodmxdsx25pqdnvjwekd (4s)
[ ] 37akqrh libatomic-ops@7.10.0 build (5s)
[ ] nvkzapn glpk@5.0 build (5s)
[+] tdqa7fw eigen@5.0.1 /storage/home/hcoda1/2/dtorrance9/spack/opt/spack/linux-cascadelake/eigen-5.0.1-tdqa7fw3um5ksipwwcu7rkhjaxrosow5 (6s)
[ ] 37akqrh libatomic-ops@7.10.0 install (6s)
[+] 37akqrh libatomic-ops@7.10.0 /storage/home/hcoda1/2/dtorrance9/spack/opt/spack/linux-cascadelake/libatomic-ops-7.10.0-37akqrhu7x2xgctrttypkuicqqhkgbb5 (8s)
[ ] nkwe5y4 cohomcalg@0.32 install (9s)
[ ] 6az4bbh less@692 build (9s)
[+] nkwe5y4 cohomcalg@0.32 /storage/home/hcoda1/2/dtorrance9/spack/opt/spack/linux-cascadelake/cohomcalg-0.32-nkwe5y4myn5tfomrxxhnizkdlponbypf (9s)
[ ] swe65oy gmp@6.3.0 configure (9s)
[ ] b2c7xmd readline@8.3 build (13s)
[ ] benjgbj jansson@2.14 build (13s)
[ ] 6az4bbh less@692 install (13s)
[+] 6az4bbh less@692 /storage/home/hcoda1/2/dtorrance9/spack/opt/spack/linux-cascadelake/less-692-6az4bbhzsrfbtypz4wq7rlf5xwgfhbzh (13s)
[ ] lbexvrv intel-tbb@2023.1.0 install (15s)
[ ] benjgbj jansson@2.14 install (16s)
[+] lbexvrv intel-tbb@2023.1.0 /storage/home/hcoda1/2/dtorrance9/spack/opt/spack/linux-cascadelake/intel-tbb-2023.1.0-lbexvrvuw53sqg2cfcv2otjirrcrjycm (16s)
[+] benjgbj jansson@2.14 /storage/home/hcoda1/2/dtorrance9/spack/opt/spack/linux-cascadelake/jansson-2.14-benjgbjltfwfh2rsewgcyt3lkuhmmfil (17s)
[ ] oh7agv7 googletest@1.17.0 install (19s)
[ ] b2c7xmd readline@8.3 install (20s)
[+] oh7agv7 googletest@1.17.0 /storage/home/hcoda1/2/dtorrance9/spack/opt/spack/linux-cascadelake/googletest-1.17.0-oh7agv75pcrlgi7ezfedbpzbbklx7jz7 (20s)
[+] b2c7xmd readline@8.3 /storage/home/hcoda1/2/dtorrance9/spack/opt/spack/linux-cascadelake/readline-8.3-b2c7xmdm6rv5n2b5w2wm2zbkzj52quhx (21s)
[ ] a23r6ln bdw-gc@8.2.12 staging (0s)
[ ] na2isuq memtailor@1.4 staging (0s)
[ ] 6baxsao gdbm@1.26 staging (0s)
[ ] 6baxsao gdbm@1.26 autoreconf (0s)
[ ] 6baxsao gdbm@1.26 configure (0s)
[ ] a23r6ln bdw-gc@8.2.12 autoreconf (0s)
[ ] a23r6ln bdw-gc@8.2.12 configure (0s)
[ ] na2isuq memtailor@1.4 autoreconf (0s)
[ ] na2isuq memtailor@1.4 configure (0s)
[ ] nvkzapn glpk@5.0 install (24s)
[+] nvkzapn glpk@5.0 /storage/home/hcoda1/2/dtorrance9/spack/opt/spack/linux-cascadelake/glpk-5.0-nvkzapnjhrbwo7snq3t4yha2467s4pir (25s)
[ ] xnmltnh berkeley-db@18.1.40 build (27s)
[ ] a23r6ln bdw-gc@8.2.12 build (7s)
[ ] 6baxsao gdbm@1.26 build (8s)
[ ] na2isuq memtailor@1.4 build (8s)
[ ] na2isuq memtailor@1.4 install (10s)
[+] na2isuq memtailor@1.4 /storage/home/hcoda1/2/dtorrance9/spack/opt/spack/linux-cascadelake/memtailor-1.4-na2isuqlyfonjs5beudz3a4icx4js7lr (10s)
[ ] a23r6ln bdw-gc@8.2.12 install (12s)
[ ] 6baxsao gdbm@1.26 install (14s)
[+] a23r6ln bdw-gc@8.2.12 /storage/home/hcoda1/2/dtorrance9/spack/opt/spack/linux-cascadelake/bdw-gc-8.2.12-a23r6lns2w37iin7mfizscl7mssa5vhe (14s)
[ ] 65ifsk7 mathic@1.4 staging (0s)
[+] 6baxsao gdbm@1.26 /storage/home/hcoda1/2/dtorrance9/spack/opt/spack/linux-cascadelake/gdbm-1.26-6baxsaojdmdc4dxyxrwu3weckecvnpil (16s)
[ ] 65ifsk7 mathic@1.4 autoreconf (0s)
[ ] 65ifsk7 mathic@1.4 configure (0s)
[ ] xnmltnh berkeley-db@18.1.40 install (40s)
[+] xnmltnh berkeley-db@18.1.40 /storage/home/hcoda1/2/dtorrance9/spack/opt/spack/linux-cascadelake/berkeley-db-18.1.40-xnmltnhwp2fip766gvwgbvhlpx3bro63 (41s)
[ ] 2j7dhwd perl@5.42.2 staging (0s)
[ ] swe65oy gmp@6.3.0 build (42s)
[ ] 2j7dhwd perl@5.42.2 configure (1s)
[ ] 7etsibo boost@1.90.0 install (43s)
[ ] 65ifsk7 mathic@1.4 build (8s)
[ ] 65ifsk7 mathic@1.4 install (12s)
[+] 65ifsk7 mathic@1.4 /storage/home/hcoda1/2/dtorrance9/spack/opt/spack/linux-cascadelake/mathic-1.4-65ifsk7fgibxm2jht2qsfoekh4abm7vg (13s)
[ ] ujb3gdt mathicgb@1.4 staging (0s)
[ ] ujb3gdt mathicgb@1.4 autoreconf (0s)
[ ] ujb3gdt mathicgb@1.4 configure (0s)
[ ] swe65oy gmp@6.3.0 install (57s)
[+] swe65oy gmp@6.3.0 /storage/home/hcoda1/2/dtorrance9/spack/opt/spack/linux-cascadelake/gmp-6.3.0-swe65oyqrm3twpvvhwoehzk2h25ltfal (58s)
[ ] bl7ofzr givaro@4.2.2 staging (0s)
[ ] qwmnc4f mpsolve@3.2.3 staging (0s)
[ ] gflhuip 4ti2@1.6.15 staging (0s)
[ ] dflqwg3 lrslib@7.3 staging (0s)
[ ] adufyiy frobby@0.9.9 staging (0s)
[ ] n5ozyhc topcom@1.1.2 staging (0s)
[ ] ijgvxjb normaliz@3.11.1 staging (0s)
[ ] b3ovok7 cddlib@0.94m staging (0s)
[ ] b3ovok7 cddlib@0.94m autoreconf (1s)
[ ] b3ovok7 cddlib@0.94m configure (1s)
[ ] adufyiy frobby@0.9.9 edit (1s)
[ ] adufyiy frobby@0.9.9 build (1s)
[ ] gflhuip 4ti2@1.6.15 autoreconf (1s)
[ ] gflhuip 4ti2@1.6.15 configure (1s)
[ ] n5ozyhc topcom@1.1.2 autoreconf (1s)
[ ] n5ozyhc topcom@1.1.2 configure (1s)
[ ] ijgvxjb normaliz@3.11.1 autoreconf (1s)
[ ] ijgvxjb normaliz@3.11.1 configure (1s)
[ ] bl7ofzr givaro@4.2.2 autoreconf (1s)
[ ] bl7ofzr givaro@4.2.2 configure (1s)
[ ] dflqwg3 lrslib@7.3 edit (1s)
[ ] dflqwg3 lrslib@7.3 build (1s)
[ ] qwmnc4f mpsolve@3.2.3 autoreconf (2s)
[ ] qwmnc4f mpsolve@3.2.3 configure (2s)
[ ] ujb3gdt mathicgb@1.4 build (11s)
[ ] b3ovok7 cddlib@0.94m build (6s)
[ ] dflqwg3 lrslib@7.3 install (8s)
[ ] ijgvxjb normaliz@3.11.1 build (10s)
[ ] bl7ofzr givaro@4.2.2 build (13s)
[ ] qwmnc4f mpsolve@3.2.3 build (17s)
[+] dflqwg3 lrslib@7.3 /storage/home/hcoda1/2/dtorrance9/spack/opt/spack/linux-cascadelake/lrslib-7.3-dflqwg3a2woko3o647xzhvkrfusm3xhv (17s)
[ ] gflhuip 4ti2@1.6.15 build (21s)
[ ] b3ovok7 cddlib@0.94m install (32s)
[+] b3ovok7 cddlib@0.94m /storage/home/hcoda1/2/dtorrance9/spack/opt/spack/linux-cascadelake/cddlib-0.94m-b3ovok7tlj6d763fmvjmkrwlnvwbjip6 (34s)
[ ] bl7ofzr givaro@4.2.2 install (55s)
[+] bl7ofzr givaro@4.2.2 /storage/home/hcoda1/2/dtorrance9/spack/opt/spack/linux-cascadelake/givaro-4.2.2-bl7ofzrnm36qtdmawaxhoqota55qxhpu (58s)
[ ] n5ozyhc topcom@1.1.2 build (1m01s)
[ ] qwmnc4f mpsolve@3.2.3 install (1m30s)
[+] qwmnc4f mpsolve@3.2.3 /storage/home/hcoda1/2/dtorrance9/spack/opt/spack/linux-cascadelake/mpsolve-3.2.3-qwmnc4fdmqxzhi5gwg3od3cydjjy5pnp (1m33s)
[+] 7etsibo boost@1.90.0 /storage/home/hcoda1/2/dtorrance9/spack/opt/spack/linux-cascadelake/boost-1.90.0-7etsibopinzhw6ijxnb6qnhjhmd2tnxs (3m03s)
[ ] 2j7dhwd perl@5.42.2 build (2m27s)
[ ] ujb3gdt mathicgb@1.4 install (2m22s)
[+] ujb3gdt mathicgb@1.4 /storage/home/hcoda1/2/dtorrance9/spack/opt/spack/linux-cascadelake/mathicgb-1.4-ujb3gdt3cnlwxx3hkwccxe5oqrp52ozs (2m23s)
[ ] gflhuip 4ti2@1.6.15 install (2m45s)
[ ] adufyiy frobby@0.9.9 install (2m48s)
[+] adufyiy frobby@0.9.9 /storage/home/hcoda1/2/dtorrance9/spack/opt/spack/linux-cascadelake/frobby-0.9.9-adufyiym2vafngfbhlidzodvfwqr25so (2m48s)
[+] gflhuip 4ti2@1.6.15 /storage/home/hcoda1/2/dtorrance9/spack/opt/spack/linux-cascadelake/4ti2-1.6.15-gflhuipcdtwyux36dt6g7qpachh35zso (2m49s)
[ ] 6zud3zi gfan@0.6.2 staging (0s)
[ ] n5ozyhc topcom@1.1.2 install (2m52s)
[ ] 6zud3zi gfan@0.6.2 edit (0s)
[ ] 6zud3zi gfan@0.6.2 build (0s)
[+] n5ozyhc topcom@1.1.2 /storage/home/hcoda1/2/dtorrance9/spack/opt/spack/linux-cascadelake/topcom-1.1.2-n5ozyhcxcsapcvqwhxk54xcxsasjp5yj (2m58s)
[ ] 2j7dhwd perl@5.42.2 install (3m47s)
[ ] 6zud3zi gfan@0.6.2 install (46s)
[+] 6zud3zi gfan@0.6.2 /storage/home/hcoda1/2/dtorrance9/spack/opt/spack/linux-cascadelake/gfan-0.6.2-6zud3ziqfoao5n7laxngvlvbf5fau6fi (46s)
[+] 2j7dhwd perl@5.42.2 /storage/home/hcoda1/2/dtorrance9/spack/opt/spack/linux-cascadelake/perl-5.42.2-2j7dhwdr3s7reuuta2axtnkb373fs2mj (4m32s)
[ ] xmdiy2a help2man@1.49.3 staging (0s)
[ ] 5kllv4j ntl@11.5.1 staging (0s)
[ ] xmdiy2a help2man@1.49.3 autoreconf (0s)
[ ] xmdiy2a help2man@1.49.3 configure (0s)
[ ] w6xnjf4 texinfo@7.2 staging (0s)
[ ] 5kllv4j ntl@11.5.1 edit (1s)
[ ] w6xnjf4 texinfo@7.2 autoreconf (1s)
[ ] w6xnjf4 texinfo@7.2 configure (1s)
[ ] xmdiy2a help2man@1.49.3 build (1s)
[ ] xmdiy2a help2man@1.49.3 install (1s)
[+] xmdiy2a help2man@1.49.3 /storage/home/hcoda1/2/dtorrance9/spack/opt/spack/linux-cascadelake/help2man-1.49.3-xmdiy2aitwdg7lnotnxsx3kf5z3nmp6z (1s)
[ ] nwhrmsy nauty@2.9.3 staging (0s)
[ ] nwhrmsy nauty@2.9.3 autoreconf (1s)
[ ] nwhrmsy nauty@2.9.3 configure (1s)
[ ] 5kllv4j ntl@11.5.1 build (7s)
[ ] nwhrmsy nauty@2.9.3 build (9s)
[ ] ijgvxjb normaliz@3.11.1 install (4m40s)
[+] ijgvxjb normaliz@3.11.1 /storage/home/hcoda1/2/dtorrance9/spack/opt/spack/linux-cascadelake/normaliz-3.11.1-ijgvxjbj7jtio5dfx7qt362ucp5m4zqt (4m43s)
[ ] w6xnjf4 texinfo@7.2 build (45s)
[ ] nwhrmsy nauty@2.9.3 install (52s)
[+] nwhrmsy nauty@2.9.3 /storage/home/hcoda1/2/dtorrance9/spack/opt/spack/linux-cascadelake/nauty-2.9.3-nwhrmsylyjlinef4zwsw42w2s5eiprmd (54s)
[ ] w6xnjf4 texinfo@7.2 install (1m02s)
[+] w6xnjf4 texinfo@7.2 /storage/home/hcoda1/2/dtorrance9/spack/opt/spack/linux-cascadelake/texinfo-7.2-w6xnjf4qrswoxitqhkzdctax43jiaeou (1m05s)
[ ] 3p253a2 mpfr@4.2.2 staging (0s)
[ ] 3p253a2 mpfr@4.2.2 autoreconf (1s)
[ ] 5kllv4j ntl@11.5.1 install (1m07s)
[+] 5kllv4j ntl@11.5.1 /storage/home/hcoda1/2/dtorrance9/spack/opt/spack/linux-cascadelake/ntl-11.5.1-5kllv4jqy44sfjezrvsmrrruegotxku3 (1m08s)
[ ] 3p253a2 mpfr@4.2.2 configure (14s)
[ ] 3p253a2 mpfr@4.2.2 build (25s)
[ ] 3p253a2 mpfr@4.2.2 install (35s)
[+] 3p253a2 mpfr@4.2.2 /storage/home/hcoda1/2/dtorrance9/spack/opt/spack/linux-cascadelake/mpfr-4.2.2-3p253a2aroq7woq4zrkg5whmm6hltmfz (36s)
[ ] bgozzzb mpfi@1.5.4 staging (0s)
[ ] n5oouox flint@3.6.0 staging (0s)
[ ] 7c2f27w fplll@5.5.0 staging (0s)
[ ] 7c2f27w fplll@5.5.0 autoreconf (1s)
[ ] 7c2f27w fplll@5.5.0 configure (1s)
[ ] n5oouox flint@3.6.0 autoreconf (2s)
[ ] n5oouox flint@3.6.0 configure (2s)
[ ] bgozzzb mpfi@1.5.4 autoreconf (2s)
[ ] bgozzzb mpfi@1.5.4 configure (8s)
[ ] 7c2f27w fplll@5.5.0 build (9s)
[ ] n5oouox flint@3.6.0 build (10s)
[ ] bgozzzb mpfi@1.5.4 build (14s)
[ ] bgozzzb mpfi@1.5.4 install (34s)
[+] bgozzzb mpfi@1.5.4 /storage/home/hcoda1/2/dtorrance9/spack/opt/spack/linux-cascadelake/mpfi-1.5.4-bgozzzbbn3iwghmfqwb2r72vs5aojjll (34s)
[ ] n5oouox flint@3.6.0 install (2m55s)
[+] n5oouox flint@3.6.0 /storage/home/hcoda1/2/dtorrance9/spack/opt/spack/linux-cascadelake/flint-3.6.0-n5oouoxyrh3fadtka5ituf3rpx6vyggg (3m01s)
[ ] 3lgeiej msolve@0.10.1 staging (0s)
[ ] zepdohh singular-factory@4.4.1 staging (0s)
[ ] 3lgeiej msolve@0.10.1 autoreconf (0s)
[ ] zepdohh singular-factory@4.4.1 autoreconf (1s)
[ ] zepdohh singular-factory@4.4.1 configure (1s)
[ ] 3lgeiej msolve@0.10.1 configure (7s)
[ ] zepdohh singular-factory@4.4.1 build (10s)
[ ] 7c2f27w fplll@5.5.0 install (3m17s)
[+] 7c2f27w fplll@5.5.0 /storage/home/hcoda1/2/dtorrance9/spack/opt/spack/linux-cascadelake/fplll-5.5.0-7c2f27wvo5l5waxomujzwkqsfb47dg5y (3m18s)
[ ] 3lgeiej msolve@0.10.1 build (19s)
[ ] zepdohh singular-factory@4.4.1 install (32s)
[+] zepdohh singular-factory@4.4.1 /storage/home/hcoda1/2/dtorrance9/spack/opt/spack/linux-cascadelake/singular-factory-4.4.1-zepdohhalyvztzihlcgijid4pfb656hq (33s)
[ ] 3lgeiej msolve@0.10.1 install (1m02s)
[+] 3lgeiej msolve@0.10.1 /storage/home/hcoda1/2/dtorrance9/spack/opt/spack/linux-cascadelake/msolve-0.10.1-3lgeiejf43pryuuz44phzbgzqey66lmt (1m03s)
[ ] orur2pc fflas-ffpack@2.5.0 staging (36m38s)
[ ] 3k5dhzt csdp@6.2.0 staging (40m29s)
[ ] 3k5dhzt csdp@6.2.0 edit (40m29s)
[ ] 3k5dhzt csdp@6.2.0 build (40m29s)
[x] orur2pc fflas-ffpack@2.5.0 failed: /tmp/dtorrance9/spack-stage/spack-stage-fflas-ffpack-2.5.0-orur2pcgcnr67nedjzwhiki4efm4sn2s-vuc1z349.log (36m40s)
-- lines 1 to 12 --
  Traceback (most recent call last):
    File "/storage/home/hcoda1/2/dtorrance9/spack/lib/spack/spack/package_base.py", line 1685, in do_stage
      self.do_fetch(mirror_only)
    File "/storage/home/hcoda1/2/dtorrance9/spack/lib/spack/spack/package_base.py", line 1665, in do_fetch
      self.stage.fetch(mirror_only, err_msg=err_msg)
    File "/storage/home/hcoda1/2/dtorrance9/spack/lib/spack/spack/stage.py", line 890, in fetch
      stage.fetch(mirror_only, err_msg)
    File "/storage/home/hcoda1/2/dtorrance9/spack/lib/spack/spack/stage.py", line 619, in fetch
      raise spack.error.FetchError(
  spack.error.FetchError: All fetchers failed for spack-stage--orur2pc-patch-86186030f6d82f4ce2ae5acc5de23568bd057ef177d31ff6a717e7cc7697aa60
          https://mirror.spack.io/_source-cache/archive/86/86186030f6d82f4ce2ae5acc5de23568bd057ef177d31ff6a717e7cc7697aa60: DetailedHTTPError: GET https://mirror.spack.io/_source-cache/archive/86/86186030f6d82f4ce2ae5acc5de23568bd057ef177d31ff6a717e7cc7697aa60 returned 404: Not Found
      https://github.com/linbox-team/fflas-ffpack/commit/2cd3a04050f2fa447d8a9c8265f32f25f4cb6546.patch?full_index=1: DetailedHTTPError: GET https://github.com/linbox-team/fflas-ffpack/commit/2cd3a04050f2fa447d8a9c8265f32f25f4cb6546.patch?full_index=1 returned 404: Not Found
==> Error: The following packages failed to install:
fflas-ffpack@2.5.0/orur2pcgcnr67nedjzwhiki4efm4sn2s: /tmp/dtorrance9/spack-stage/spack-stage-fflas-ffpack-2.5.0-orur2pcgcnr67nedjzwhiki4efm4sn2s-vuc1z349.log
---------------------------------------
Begin Slurm Epilog: Aug-17-2026 11:32:11
Job ID:        11935660
User ID:       dtorrance9
Account:       gts-dtorrance9
Job name:      spack-m2
Resources:     cpu=16,mem=48G,node=1
Rsrc Used:     cput=10:55:44,vmem=0,walltime=00:40:59,mem=34813444K,energy_used=0
Partition:     cpu-small
QOS:           inferno
Nodes:         atl1-1-02-006-16-1
---------------------------------------
